[www.inspirationalspark.com/index.html]
[backblue.gif]
[fade.gif]
[index.html]
[www.inspirationalspark.com/image-files/spark-image-facebook-180-80.png]
[www.inspirationalspark.com/support-files/A.inspirational.css.pagespeed.cf.P4fc0lIdo8.css]
[www.inspirationalspark.com/sd/support-files/fix.js.pagespeed.jm.hNqckcKb0T.js]
[www.inspirationalspark.com/inspirational-spark.xml]
[www.inspirationalspark.com/image-files/inspirational-spark-left.jpg.pagespeed.ce.GBxCQanxzF.jpg]
[pagead2.googlesyndication.com/pagead/f.txt]
[www.inspirationalspark.com/image-files/xhline.gif.pagespeed.ic.U46389Kv1U.png]
[www.inspirationalspark.com/WhatsNew.html]
[www.inspirationalspark.com/leadership-quotes.html]
[www.inspirationalspark.com/friend-quotes.html]
[www.inspirationalspark.com/goal-quotes.html]
[www.inspirationalspark.com/inspirational-sports-sayings.html]
[www.inspirationalspark.com/success-quotes.html]
[www.inspirationalspark.com/motivation-quotes.html]
[www.inspirationalspark.com/attitude-quotes.html]
[www.inspirationalspark.com/inspirational-phrases.html]
[www.inspirationalspark.com/encouragement-quotes.html]
[www.inspirationalspark.com/best-friend-quotes.html]
[www.inspirationalspark.com/sayings-about-best-friends.html]
[www.inspirationalspark.com/quotes-about-being-yourself.html]
[www.inspirationalspark.com/classic-quotes.html]
[www.inspirationalspark.com/determination-quotes.html]
[www.inspirationalspark.com/difficult-times-quotes.html]
[www.inspirationalspark.com/inspiring-quotes-for-difficult-times.html]
[www.inspirationalspark.com/positive-quotes-about-divorce.html]
[www.inspirationalspark.com/dream-quotes.html]
[www.inspirationalspark.com/quotes-about-dreams.html]
[www.inspirationalspark.com/encouraging-quotes.html]
[www.inspirationalspark.com/inspirational-words-of-encouragement.html]
[www.inspirationalspark.com/inspirational-encouraging-quotes.html]
[www.inspirationalspark.com/encouragement-quotes-with-pictures.html]
[www.inspirationalspark.com/encouraging-words-for-a-friend.html]
[www.inspirationalspark.com/overcoming-fear-quotes-quotations.html]
[www.inspirationalspark.com/failure-quotes.html]
[www.inspirationalspark.com/favorite-quotes.html]
[www.inspirationalspark.com/forgiveness-quotes.html]
[www.inspirationalspark.com/friendship-phrases.html]
[www.inspirationalspark.com/true-friend-quotes.html]
[www.inspirationalspark.com/friendship-sayings.html]
[www.inspirationalspark.com/best-quotes-on-happiness-and-success.html]
[www.inspirationalspark.com/inspirational-leadership-quotes.html]
[www.inspirationalspark.com/inspirational-sayings-thoughts.html]
[www.inspirationalspark.com/short-inspirational-quotes.html]
[www.inspirationalspark.com/inspiring-quotes.html]
[www.inspirationalspark.com/helping-others-quotes.html]
[www.inspirationalspark.com/kindness-quotes-about-kindness.html]
[www.inspirationalspark.com/leadership-quotations.html]
[www.inspirationalspark.com/quotes-on-leadership.html]
[www.inspirationalspark.com/letting-go-quotes.html]
[www.inspirationalspark.com/life-quotes.html]
[www.inspirationalspark.com/life-sayings.html]
[www.inspirationalspark.com/sayings-about-life.html]
[www.inspirationalspark.com/inspirational-quotes-about-life.html]
[www.inspirationalspark.com/my-life-quotes.html]
[www.inspirationalspark.com/life-quotes-and-sayings.html]
[www.inspirationalspark.com/love-sayings.html]
[www.inspirationalspark.com/short-love-quotes.html]
[www.inspirationalspark.com/love-phrases.html]
[www.inspirationalspark.com/making-mistakes-quotes.html]
[www.inspirationalspark.com/memories-quotes.html]
[www.inspirationalspark.com/motivational-phrases.html]
[www.inspirationalspark.com/not-giving-up-quotes.html]
[www.inspirationalspark.com/overcoming-obstacles-quotes.html]
[www.inspirationalspark.com/perseverance-quotes.html]
[www.inspirationalspark.com/positive-attitude-quotes.html]
[www.inspirationalspark.com/not-quitting-quotes.html]
[www.inspirationalspark.com/self-esteem-quotes.html]
[www.inspirationalspark.com/risk-quotes.html]
[www.inspirationalspark.com/inspiring-sports-quotes-sayings.html]
[www.inspirationalspark.com/sympathy-words-quotes.html]
[www.inspirationalspark.com/taking-action-mottos.html]
[www.inspirationalspark.com/taking-chances-quotes.html]
[www.inspirationalspark.com/teamwork-quotes.html]
[www.inspirationalspark.com/thank-you-quotes-and-sayings.html]
[www.inspirationalspark.com/best-quotes-on-time.html]
[www.inspirationalspark.com/be-yourself-quotes.html]
[www.inspirationalspark.com/feedback.html]
[www.inspirationalspark.com/privacy-policy.html]
[www.inspirationalspark.com/image-files/xleftimage.gif.pagespeed.ic.EvcRWe4l_o.png]
[www.inspirationalspark.com/about-us.html]
[www.inspirationalspark.com/index-2.html]
[www.inspirationalspark.com/inspirational-quotes-with-pictures.html]
[www.inspirationalspark.com/fan-favorite-inspirational-quotes-2011.html]
[www.inspirationalspark.com/resources.html]
[www.inspirationalspark.com/image-files/xappavailable.png.pagespeed.ic.xgfPRb7X7z.jpg]
[www.inspirationalspark.com/inspirational-posters.html]
[www.inspirationalspark.com/image-files/xfacebook-icon.png.pagespeed.ic.zsr9MX_ILZ.png]
[www.inspirationalspark.com/image-files/xspark-blog-logo.jpg.pagespeed.ic.t3UQBeNpzw.jpg]
[www.inspirationalspark.com/image-files/xtwitter-button-150.png.pagespeed.ic.Bjy-ChXdrB.jpg]
[www.inspirationalspark.com/help/rss.html]
[www.inspirationalspark.com/objects/xrss.jpg.pagespeed.ic.tg98uIqgYi.jpg]
[www.inspirationalspark.com/objects/xfeedly.gif.pagespeed.ic.t3Vu8JhVKA.png]
[www.inspirationalspark.com/objects/xaddtomyyahoo4.gif.pagespeed.ic.PgZzd5uL-1.png]
[www.inspirationalspark.com/objects/add-mymsn2.gif]
[www.inspirationalspark.com/objects/xbloglines.gif.pagespeed.ic.vnK-NB9PiG.png]
[www.inspirationalspark.com/index.html]
[www.inspirationalspark.com/ssjs/ldr.js]
[www.inspirationalspark.com/image-files/inspirational-spark-middle.jpg.pagespeed.ce.dI-Ojzlk3z.jpg]
[www.inspirationalspark.com/support-files/A.inspirational.css.pagespeed.cf.P4fc0lIdo8.css]
[www.inspirationalspark.com/support-files/inspirational.css]
[www.inspirationalspark.com/image-files/quotearts-300x250a.gif]
[www.inspirationalspark.com/image-files/attitude-quote.jpg]
[www.inspirationalspark.com/image-files/inspirational-phrases-card-bp226.jpg]
[www.inspirationalspark.com/WhatsNew.html]
[www.inspirationalspark.com/leadership-quotes.html]
[www.inspirationalspark.com/image-files/bp364.jpg]
[www.inspirationalspark.com/friend-quotes.html]
[www.inspirationalspark.com/goal-quotes.html]
[www.inspirationalspark.com/inspirational-sports-sayings.html]
[www.inspirationalspark.com/inspirational-magnets.html]
[www.inspirationalspark.com/image-files/quotearts-468x60banner.gif]
[www.inspirationalspark.com/image-files/secretofsuccess-75.png]
[www.inspirationalspark.com/success-quotes.html]
[www.inspirationalspark.com/image-files/bp5034.jpg]
[www.inspirationalspark.com/image-files/rogr001.jpg]
[www.inspirationalspark.com/motivation-quotes.html]
[www.inspirationalspark.com/image-files/xquotearts-468x60banner.gif.pagespeed.ic.rTDsUURSOM.jpg]
[www.inspirationalspark.com/image-files/emer003.jpg]
[www.inspirationalspark.com/attitude-quotes.html]
[www.inspirationalspark.com/image-files/220x300xinspirational-phrases-card-bp226.jpg.pagespeed.ic.RNZBviLycu.jpg]
[www.inspirationalspark.com/inspirational-phrases.html]
[www.inspirationalspark.com/image-files/xholding-on.jpg.pagespeed.ic.wNQkWkiil2.jpg]
[www.inspirationalspark.com/image-files/xbp215.jpg.pagespeed.ic.14TGRgxJXi.jpg]
[www.inspirationalspark.com/encouragement-quotes.html]
[www.inspirationalspark.com/best-friend-quotes.html]
[www.inspirationalspark.com/image-files/bp331.jpg]
[www.inspirationalspark.com/sayings-about-best-friends.html]
[www.inspirationalspark.com/quotes-about-being-yourself.html]
[www.inspirationalspark.com/image-files/xanon003.jpg.pagespeed.ic.GhWXZlj5cz.jpg]
[www.inspirationalspark.com/classic-quotes.html]
[www.inspirationalspark.com/determination-quotes.html]
[www.inspirationalspark.com/difficult-times-quotes.html]
[www.inspirationalspark.com/inspiring-quotes-for-difficult-times.html]
[www.inspirationalspark.com/positive-quotes-about-divorce.html]
[www.inspirationalspark.com/image-files/QuoteArts-300x250a-2.gif]
[www.inspirationalspark.com/dream-quotes.html]
[www.inspirationalspark.com/quotes-about-dreams.html]
[www.inspirationalspark.com/image-files/xencouraging-quote.jpg.pagespeed.ic.NFNypiLN31.jpg]
[www.inspirationalspark.com/encouraging-quotes.html]
[www.inspirationalspark.com/inspirational-words-of-encouragement.html]
[www.inspirationalspark.com/image-files/coelho.jpg]
[www.inspirationalspark.com/inspirational-encouraging-quotes.html]
[www.inspirationalspark.com/image-files/do_what_you_can.jpg]
[www.inspirationalspark.com/image-files/youve_gotta_dance.jpg]
[www.inspirationalspark.com/image-files/instead_of.jpg]
[www.inspirationalspark.com/image-files/winners_never_quit.jpg]
[www.inspirationalspark.com/encouragement-quotes-with-pictures.html]
[www.inspirationalspark.com/encouraging-words-for-a-friend.html]
[www.inspirationalspark.com/overcoming-fear-quotes-quotations.html]
[www.inspirationalspark.com/failure-quotes.html]
[www.inspirationalspark.com/favorite-quotes.html]
[www.inspirationalspark.com/support-files/inspirational3.css]
[www.inspirationalspark.com/image-files/xquotearts-300x250a.gif.pagespeed.ic.neW1O2VYeA.jpg]
[www.inspirationalspark.com/forgiveness-quotes.html]
[www.inspirationalspark.com/friendship-phrases.html]
[www.inspirationalspark.com/true-friend-quotes.html]
[www.inspirationalspark.com/friendship-sayings.html]
[www.inspirationalspark.com/best-quotes-on-happiness-and-success.html]
[www.inspirationalspark.com/www.wayfo.com]
[www.inspirationalspark.com/inspirational-leadership-quotes.html]
[www.inspirationalspark.com/inspirational-sayings-thoughts.html]
[www.inspirationalspark.com/short-inspirational-quotes.html]
[www.inspirationalspark.com/inspirational-sayings.html]
[www.inspirationalspark.com/inspiring-quotes.html]
[www.inspirationalspark.com/helping-others-quotes.html]
[www.inspirationalspark.com/kindness-quotes-about-kindness.html]
[www.inspirationalspark.com/leadership-quotations.html]
[www.inspirationalspark.com/008000]
[www.inspirationalspark.com/quotes-on-leadership.html]
[www.inspirationalspark.com/image-files/letting-go-quotes.gif]
[www.inspirationalspark.com/image-files/xletting-go-quotes.gif.pagespeed.ic.MpW5g-Q3Z-.png]
[www.inspirationalspark.com/letting-go-quotes.html]
[static.shareasale.com/image/5678/BeachAd1.jpg]
[www.inspirationalspark.com/image-files/xbp5027.jpg.pagespeed.ic.S8vpRRQasD.jpg]
[www.inspirationalspark.com/life-quotes.html]
[www.inspirationalspark.com/image-files/bp5013.jpg]
[www.inspirationalspark.com/life-sayings.html]
[www.inspirationalspark.com/sayings-about-life.html]
[www.inspirationalspark.com/inspirational-quotes-about-life.html]
[www.inspirationalspark.com/my-life-quotes.html]
[www.inspirationalspark.com/life-quotes-and-sayings.html]
[www.inspirationalspark.com/love-sayings.html]
[www.inspirationalspark.com/short-love-quotes.html]
[www.inspirationalspark.com/love-phrases.html]
[www.inspirationalspark.com/making-mistakes-quotes.html]
[www.inspirationalspark.com/memories-quotes.html]
[www.inspirationalspark.com/motivational-phrases.html]
[www.inspirationalspark.com/not-giving-up-quotes.html]
[www.inspirationalspark.com/overcoming-obstacles-quotes.html]
[www.inspirationalspark.com/perseverance-quotes.html]
[www.inspirationalspark.com/positive-attitude-quotes.html]
[www.inspirationalspark.com/not-quitting-quotes.html]
[www.inspirationalspark.com/self-esteem-quotes.html]
[www.inspirationalspark.com/risk-quotes.html]
[www.inspirationalspark.com/inspiring-sports-quotes-sayings.html]
[www.inspirationalspark.com/sympathy-words-quotes.html]
[www.inspirationalspark.com/taking-action-mottos.html]
[www.inspirationalspark.com/image-files/xbp5038.jpg.pagespeed.ic.hTLSMY0V53.jpg]
[www.inspirationalspark.com/taking-chances-quotes.html]
[www.inspirationalspark.com/teamwork-quotes.html]
[www.inspirationalspark.com/thank-you-quotes-and-sayings.html]
[www.inspirationalspark.com/best-quotes-on-time.html]
[www.inspirationalspark.com/be-yourself-quotes.html]
[www.inspirationalspark.com/cgi-bin/CAPTCHA/Sound2137.pl]
[www.inspirationalspark.com/cgi-bin/CAPTCHA/Image2137.pl]
[www.inspirationalspark.com/feedback.html]
[www.inspirationalspark.com/privacy-policy.html]
[www.inspirationalspark.com/about-us.html]
[www.inspirationalspark.com/index-2.html]
[www.inspirationalspark.com/image-files/xdestiny-bryan.jpg.pagespeed.ic.a-VWssBte0.jpg]
[www.inspirationalspark.com/image-files/xhanging-on-quote.jpg.pagespeed.ic.oYh28PDlqj.jpg]
[www.inspirationalspark.com/image-files/xaim-high-quote-smaller.jpg.pagespeed.ic.KKJAHgEbEK.jpg]
[www.inspirationalspark.com/image-files/xsoldier-giving-water-helping-others-quote.jpg.pagespeed.ic.qSGLmFZ7Ip.jpg]
[www.inspirationalspark.com/image-files/xjumping-quoted.jpg.pagespeed.ic.jlvSVXa1EU.jpg]
[www.inspirationalspark.com/image-files/xwhat-we-think-quote.jpg.pagespeed.ic.Q-YeVGP4fg.jpg]
[www.inspirationalspark.com/image-files/xchild-eating-ice-cream-enjoy-the-little-things.jpg.pagespeed.ic.D0qTeR2VAE.jpg]
[www.inspirationalspark.com/image-files/xdo_or_do_not.jpg.pagespeed.ic.pKRNhvV0YU.jpg]
[www.inspirationalspark.com/image-files/xa_bend_in_the_road.jpg.pagespeed.ic.7HgicAZC81.jpg]
[www.inspirationalspark.com/image-files/xbe_yourself.jpg.pagespeed.ic.5GZVC1mtvW.jpg]
[www.inspirationalspark.com/image-files/xjoyisnotinthings-75.png.pagespeed.ic.u3IYdXbWKq.jpg]
[www.inspirationalspark.com/image-files/crazyenough.jpg]
[www.inspirationalspark.com/inspirational-quotes-with-pictures.html]
[www.inspirationalspark.com/fan-favorite-inspirational-quotes-2011.html]
[www.inspirationalspark.com/resources.html]
[www.inspirationalspark.com/inspirational-posters.html]
[www.inspirationalspark.com/help/rss.html]
[www.inspirationalspark.com/image-files/inspirational-spark-middle.jpg]
[www.inspirationalspark.com/image-files/inspirational-spark-right.jpg]
[www.inspirationalspark.com/support-files/inspirational.css]
[images.art.com/images/products/small/10288000/10288760.html]
[images.art.com/images/products/small/12219000/12219566.html]
[images.art.com/images/products/small/10095000/10095072.html]
[images.art.com/images/products/small/12219000/12219565.html]
[images.art.com/images/products/small/12219000/12219567.html]
[www.inspirationalspark.com/inspirational-magnets.html]
[images.art.com/images/products/small/10055000/10055259.html]
[images.art.com/images/products/small/11750000/11750675.html]
[images.art.com/images/products/small/11750000/11750622.html]
[images.art.com/images/products/small/11750000/11750624.html]
[images.art.com/images/products/small/11750000/11750642.html]
[www.inspirationalspark.com/image-files/QuoteArts-300x250a.html]
[www.inspirationalspark.com/support-files/inspirational3.css]
[images.art.com/images/products/small/10122000/10122388.html]
[images.art.com/images/products/small/12984000/12984235.html]
[images.art.com/images/products/small/11846000/11846862.html]
[images.art.com/images/products/small/12095000/12095648.html]
[www.inspirationalspark.com/www.wayfo.html]
[www.inspirationalspark.com/inspirational-sayings.html]
[www.inspirationalspark.com/008000.html]
[images.art.com/images/products/small/11750000/11750638.html]
[images.art.com/images/products/small/10007000/10007533.html]
[www.inspirationalspark.com/cgi-bin/CAPTCHA/Sound2137.html]
[images.art.com/images/products/small/10094000/10094018.html]
[images.art.com/images/products/small/11675000/11675431.html]
[images.art.com/images/products/small/10070000/10070134.html]
[images.art.com/images/products/small/10278000/10278214.html]
[images.art.com/images/products/small/10091000/10091830.html]
[images.art.com/images/products/small/10286000/10286330.html]
[images.art.com/images/products/small/10299000/10299187.html]
[images.art.com/images/products/small/10098000/10098746.html]
[images.art.com/images/products/small/10092000/10092624.html]
[images.art.com/images/products/small/10122000/10122387.html]
[images.art.com/images/products/small/10007000/10007531.html]
[images.art.com/images/products/small/10117000/10117646.html]
[images.art.com/images/products/small/10104000/10104554.html]
[images.art.com/images/products/small/12219000/12219562.html]
[images.art.com/images/products/small/10100000/10100880.html]
[images.art.com/images/products/small/10058000/10058424.html]
[images.art.com/images/aff/art_logo.html]
[images.art.com/images/aff/searchbox/go.html]
[imagecache2.allposters.com/images/affiliates_graphics/affNET/ps/ps_top_left.html]
[imagecache2.allposters.com/images/affiliates_graphics/affNET/ps/ps_top_scale.html]
[imagecache2.allposters.com/images/affiliates_graphics/affNET/ps/ps_top_right.html]
[imagecache2.allposters.com/images/affiliates_graphics/affNET/ps/ps_logo.html]
[imagecache2.allposters.com/images/affiliates_graphics/affNET/BTN_ps_go.html]
[imagecache2.allposters.com/images/affiliates_graphics/affNET/ps/ps_right_side.html]
[imagecache2.allposters.com/images/affiliates_graphics/affNET/ps/ps_bottom_left.html]
[imagecache2.allposters.com/images/affiliates_graphics/affNET/ps/ps_bottom_scale.html]
[imagecache2.allposters.com/images/affiliates_graphics/affNET/ps/ps_bottom_right.html]
[imagecache2.allposters.com/images/QUOMAG/M93_a.html]
[imagecache2.allposters.com/images/QUOMAG/M158_a.html]
[imagecache2.allposters.com/images/QUOMAG/M141_a.html]
[imagecache2.allposters.com/images/QUOMAG/M82_a.html]
[imagecache2.allposters.com/images/QUOMAG/M135_a.html]
[imagecache2.allposters.com/images/QUOMAG/929600_a.html]
[imagecache2.allposters.com/images/QUOMAG/M49_a.html]
[imagecache2.allposters.com/images/QUOMAG/M175_a.html]
[imagecache2.allposters.com/images/QUOMAG/MD69_a.html]
[imagecache2.allposters.com/images/QUOMAG/M71_a.html]
[imagecache2.allposters.com/images/QUOMAG/M147_a.html]
[imagecache2.allposters.com/images/QUOMAG/MD149_a.html]
[imagecache2.allposters.com/images/QUOMAG/M163_a.html]
[imagecache2.allposters.com/images/QUOMAG/M137_a.html]
[imagecache2.allposters.com/images/QUOMAG/MX02_a.html]
[imagecache2.allposters.com/images/QUOMAG/M183_a.html]
[imagecache2.allposters.com/images/QUOMAG/MD86_a.html]
[imagecache2.allposters.com/images/QUOMAG/M111_a.html]
[imagecache2.allposters.com/images/QUOMAG/MD138_a.html]
[imagecache2.allposters.com/images/QUOMAG/MD54_a.html]
[imagecache2.allposters.com/images/QUOMAG/MD62_a.html]
[imagecache2.allposters.com/images/QUOMAG/M170_a.html]
[imagecache2.allposters.com/images/QUOMAG/M115_a.html]
[imagecache2.allposters.com/images/QUOMAG/M94_a.html]
[imagecache2.allposters.com/images/QUOMAG/MD130_a.html]
[imagecache2.allposters.com/images/QUOMAG/MD34_a.html]
[imagecache2.allposters.com/images/Magnet_Set/MAGNET_SET_60_a.html]
[imagecache2.allposters.com/images/QUOMAG/M149_a.html]
[imagecache2.allposters.com/images/QUOMAG/M02_a.html]
[imagecache2.allposters.com/images/QUOMAG/M133_a.html]
[imagecache2.allposters.com/images/QUOMAG/MD55_a.html]
[imagecache2.allposters.com/images/QUOMAG/929611_a.html]
[imagecache2.allposters.com/images/QUOMAG/M152_a.html]
[imagecache2.allposters.com/images/QUOMAG/MDX07_a.html]
[imagecache2.allposters.com/images/QUOMAG/MD96_a.html]
[www.inspirationalspark.com/inspirational-fridge-magnets.html]
[www.inspirationalspark.com/inspirational-fridge-magnets.html]
[site.quotearts.com/images/137small.jpg]
[site.quotearts.com/images/94small.jpg]
[site.quotearts.com/images/d137small.jpg]
[site.quotearts.com/images/110small.jpg]
[site.quotearts.com/images/175small.jpg]
[imagecache2.allposters.com/images/QUOMAG/M70_a.html]
[imagecache2.allposters.com/images/QUOMAG/M184_a.html]
[imagecache2.allposters.com/images/QUOMAG/MX07_a.html]
[imagecache2.allposters.com/images/QUOMAG/M81_a.html]
[imagecache2.allposters.com/images/QUOMAG/MX01_a.html]
[imagecache2.allposters.com/images/QUOMAG/MD110_a.html]
[imagecache2.allposters.com/images/ILLU/MA335_a.html]
[imagecache2.allposters.com/images/QUOMAG/M167_a.html]
[imagecache2.allposters.com/images/QUOMAG/M113_a.html]
[imagecache2.allposters.com/images/Magnet_Set/MAGNET_SET_69_a.html]
[imagecache2.allposters.com/images/QUOMAG/MD134_a.html]
[imagecache2.allposters.com/images/Magnet_Set/MAGNET_SET_62_a.html]
[imagecache2.allposters.com/images/QUOMAG/MD137_a.html]
[imagecache2.allposters.com/images/QUOMAG/MD71_a.html]
[imagecache2.allposters.com/images/QUOMAG/M130_a.html]
[imagecache2.allposters.com/images/QUOMAG/M55_a.html]
[imagecache2.allposters.com/images/QUOMAG/MD65_a.html]
[imagecache2.allposters.com/images/QUOMAG/MD146_a.html]
[imagecache2.allposters.com/images/QUOMAG/MDX02_a.html]
[imagecache2.allposters.com/images/QUOMAG/MDX01_a.html]
[imagecache2.allposters.com/images/QUOMAG/M150_a.html]
[imagecache2.allposters.com/images/QUOMAG/MD68_a.html]
[imagecache2.allposters.com/images/Magnet_Set/MAGNET_SET_65_a.html]
[imagecache2.allposters.com/images/QUOMAG/MD114_a.html]
[imagecache2.allposters.com/images/QUOMAG/M129_a.html]
[imagecache2.allposters.com/images/QUOMAG/M95_a.html]
[imagecache2.allposters.com/images/QUOMAG/M61_a.html]
[imagecache2.allposters.com/images/QUOMAG/MD50_a.html]
[imagecache2.allposters.com/images/QUOMAG/M79_a.html]
[imagecache2.allposters.com/images/QUOMAG/M192_a.html]
[imagecache2.allposters.com/images/QUOMAG/M85_a.html]
[imagecache2.allposters.com/images/QUOMAG/MD121_a.html]
[imagecache2.allposters.com/images/QUOMAG/MD102_a.html]
[imagecache2.allposters.com/images/QUOMAG/M188_a.html]
[imagecache2.allposters.com/images/QUOMAG/M171_a.html]
[site.quotearts.com/images/93small.jpg]
[site.quotearts.com/images/55small.jpg]
[site.quotearts.com/images/d56small.jpg]
[site.quotearts.com/images/d96small.jpg]
[site.quotearts.com/images/d77small.jpg]
[site.quotearts.com/images/d198small.jpg]
[site.quotearts.com/images/147small.jpg]
[site.quotearts.com/images/82small.jpg]
[site.quotearts.com/images/49small.jpg]
[site.quotearts.com/images/d208small.jpg]
[tracking.allposters.com/allposters01ca.gif]
